[0m21:26:09.194803 [debug] [MainThread]: Sending event: {'category': 'dbt', 'action': 'invocation', 'label': 'start', 'context': [<snowplow_tracker.self_describing_json.SelfDescribingJson object at 0x110c31be0>, <snowplow_tracker.self_describing_json.SelfDescribingJson object at 0x1127834d0>, <snowplow_tracker.self_describing_json.SelfDescribingJson object at 0x112783750>]}


============================== 21:26:09.199056 | 39e7e2b2-2531-47e4-a6d5-65a0ec30c0a3 ==============================
[0m21:26:09.199056 [info ] [MainThread]: Running with dbt=1.12.5
[0m21:26:09.199469 [debug] [MainThread]: running dbt with arguments {'version_check': 'True', 'fail_fast': 'False', 'cache_selected_only': 'False', 'invocation_command': 'dbt seed', 'static_parser': 'True', 'introspect': 'True', 'log_path': '/Users/isaactonyloi/Downloads/data_contracts_demo/logs', 'partial_parse': 'True', 'send_anonymous_usage_stats': 'True', 'warn_error': 'None', 'empty': 'False', 'use_experimental_parser': 'False', 'maximum_seed_size_mib': '1', 'write_json': 'True', 'printer_width': '80', 'log_format': 'default', 'debug': 'False', 'use_colors': 'True', 'hints_enabled': 'True', 'warn_error_options': 'WarnErrorOptionsV2(error=[], warn=[], silence=[])', 'log_cache_events': 'False', 'indirect_selection': 'eager', 'no_print': 'None', 'profiles_dir': '/Users/isaactonyloi/Downloads/data_contracts_demo/dbt_profile', 'target_path': 'None', 'quiet': 'False'}
[0m21:26:09.422596 [debug] [MainThread]: Sending event: {'category': 'dbt', 'action': 'project_id', 'label': '39e7e2b2-2531-47e4-a6d5-65a0ec30c0a3', 'context': [<snowplow_tracker.self_describing_json.SelfDescribingJson object at 0x111061ba0>]}
[0m21:26:09.462285 [debug] [MainThread]: Sending event: {'category': 'dbt', 'action': 'adapter_info', 'label': '39e7e2b2-2531-47e4-a6d5-65a0ec30c0a3', 'context': [<snowplow_tracker.self_describing_json.SelfDescribingJson object at 0x112c23460>]}
[0m21:26:09.464309 [info ] [MainThread]: Registered adapter: duckdb=1.11.0
[0m21:26:09.547593 [debug] [MainThread]: checksum: 6cf379b16466be403aee7a369cf6ba43e9c23f37e39f824a9c145d893b142eda, vars: {}, profile: data_contracts_demo, target: dev, version: 1.12.5
[0m21:26:09.548164 [info ] [MainThread]: Unable to do partial parsing because saved manifest not found. Starting full parse.
[0m21:26:09.548400 [debug] [MainThread]: Sending event: {'category': 'dbt', 'action': 'partial_parser', 'label': '39e7e2b2-2531-47e4-a6d5-65a0ec30c0a3', 'context': [<snowplow_tracker.self_describing_json.SelfDescribingJson object at 0x112876e50>]}
[0m21:26:10.504928 [debug] [MainThread]: Sending event: {'category': 'dbt', 'action': 'load_project', 'label': '39e7e2b2-2531-47e4-a6d5-65a0ec30c0a3', 'context': [<snowplow_tracker.self_describing_json.SelfDescribingJson object at 0x112573110>]}
[0m21:26:10.564517 [debug] [MainThread]: Wrote artifact WritableManifest to /Users/isaactonyloi/Downloads/data_contracts_demo/target/manifest.json
[0m21:26:10.566949 [debug] [MainThread]: Wrote artifact SemanticManifest to /Users/isaactonyloi/Downloads/data_contracts_demo/target/semantic_manifest.json
[0m21:26:10.580573 [debug] [MainThread]: Wrote artifact OsiDocument to /Users/isaactonyloi/Downloads/data_contracts_demo/target/osi_document.json
[0m21:26:10.588489 [debug] [MainThread]: Sending event: {'category': 'dbt', 'action': 'resource_counts', 'label': '39e7e2b2-2531-47e4-a6d5-65a0ec30c0a3', 'context': [<snowplow_tracker.self_describing_json.SelfDescribingJson object at 0x1136103d0>]}
[0m21:26:10.588779 [info ] [MainThread]: Found 2 models, 1 seed, 500 macros
[0m21:26:10.588982 [debug] [MainThread]: Sending event: {'category': 'dbt', 'action': 'runnable_timing', 'label': '39e7e2b2-2531-47e4-a6d5-65a0ec30c0a3', 'context': [<snowplow_tracker.self_describing_json.SelfDescribingJson object at 0x11308b5f0>]}
[0m21:26:10.590047 [info ] [MainThread]: 
[0m21:26:10.590243 [info ] [MainThread]: Concurrency: 4 threads (target='dev')
[0m21:26:10.590398 [info ] [MainThread]: 
[0m21:26:10.590703 [debug] [MainThread]: Acquiring new duckdb connection 'master'
[0m21:26:10.591231 [debug] [ThreadPool]: Acquiring new duckdb connection 'list_dev'
[0m21:26:10.630796 [debug] [ThreadPool]: Using duckdb connection "list_dev"
[0m21:26:10.631094 [debug] [ThreadPool]: On list_dev: /* {"app": "dbt", "dbt_version": "1.12.5", "profile_name": "data_contracts_demo", "target_name": "dev", "connection_name": "list_dev"} */

    
    select schema_name
    from system.information_schema.schemata
    
    where lower(catalog_name) = '"dev"'
    
  
  
[0m21:26:10.631279 [debug] [ThreadPool]: Opening a new connection, currently in state init
[0m21:26:10.648917 [debug] [ThreadPool]: SQL status: OK in 0.018 seconds
[0m21:26:10.649925 [debug] [ThreadPool]: On list_dev: Close
[0m21:26:10.650426 [debug] [ThreadPool]: Re-using an available connection from the pool (formerly list_dev, now create_dev_main)
[0m21:26:10.650739 [debug] [ThreadPool]: Creating schema "database: "dev"
schema: "main"
"
[0m21:26:10.655374 [debug] [ThreadPool]: Using duckdb connection "create_dev_main"
[0m21:26:10.655576 [debug] [ThreadPool]: On create_dev_main: /* {"app": "dbt", "dbt_version": "1.12.5", "profile_name": "data_contracts_demo", "target_name": "dev", "connection_name": "create_dev_main"} */

    
        select type from duckdb_databases()
        where lower(database_name)='dev'
        and type != 'duckdb'
    
  
[0m21:26:10.655740 [debug] [ThreadPool]: Opening a new connection, currently in state closed
[0m21:26:10.656951 [debug] [ThreadPool]: SQL status: OK in 0.001 seconds
[0m21:26:10.657731 [debug] [ThreadPool]: Using duckdb connection "create_dev_main"
[0m21:26:10.657900 [debug] [ThreadPool]: On create_dev_main: BEGIN
[0m21:26:10.658262 [debug] [ThreadPool]: SQL status: OK in 0.000 seconds
[0m21:26:10.658518 [debug] [ThreadPool]: Using duckdb connection "create_dev_main"
[0m21:26:10.658685 [debug] [ThreadPool]: On create_dev_main: /* {"app": "dbt", "dbt_version": "1.12.5", "profile_name": "data_contracts_demo", "target_name": "dev", "connection_name": "create_dev_main"} */

    
    
        create schema if not exists "dev"."main"
    
[0m21:26:10.659085 [debug] [ThreadPool]: SQL status: OK in 0.000 seconds
[0m21:26:10.659745 [debug] [ThreadPool]: On create_dev_main: COMMIT
[0m21:26:10.659968 [debug] [ThreadPool]: Using duckdb connection "create_dev_main"
[0m21:26:10.660136 [debug] [ThreadPool]: On create_dev_main: COMMIT
[0m21:26:10.660518 [debug] [ThreadPool]: SQL status: OK in 0.000 seconds
[0m21:26:10.660749 [debug] [ThreadPool]: On create_dev_main: Close
[0m21:26:10.664149 [debug] [ThreadPool]: Re-using an available connection from the pool (formerly create_dev_main, now list_dev_main)
[0m21:26:10.667172 [debug] [ThreadPool]: Using duckdb connection "list_dev_main"
[0m21:26:10.667386 [debug] [ThreadPool]: On list_dev_main: BEGIN
[0m21:26:10.667538 [debug] [ThreadPool]: Opening a new connection, currently in state closed
[0m21:26:10.667868 [debug] [ThreadPool]: SQL status: OK in 0.000 seconds
[0m21:26:10.668024 [debug] [ThreadPool]: Using duckdb connection "list_dev_main"
[0m21:26:10.668184 [debug] [ThreadPool]: On list_dev_main: /* {"app": "dbt", "dbt_version": "1.12.5", "profile_name": "data_contracts_demo", "target_name": "dev", "connection_name": "list_dev_main"} */
select
      'dev' as database,
      table_name as name,
      table_schema as schema,
      CASE table_type
        WHEN 'BASE TABLE' THEN 'table'
        WHEN 'VIEW' THEN 'view'
        WHEN 'LOCAL TEMPORARY' THEN 'table'
        END as type
    from system.information_schema.tables
    where lower(table_schema) = 'main'
    and lower(table_catalog) = 'dev'
  
[0m21:26:10.671559 [debug] [ThreadPool]: SQL status: OK in 0.003 seconds
[0m21:26:10.672465 [debug] [ThreadPool]: On list_dev_main: ROLLBACK
[0m21:26:10.672776 [debug] [ThreadPool]: On list_dev_main: Close
[0m21:26:10.673387 [debug] [MainThread]: Sending event: {'category': 'dbt', 'action': 'runnable_timing', 'label': '39e7e2b2-2531-47e4-a6d5-65a0ec30c0a3', 'context': [<snowplow_tracker.self_describing_json.SelfDescribingJson object at 0x114004d10>]}
[0m21:26:10.673676 [debug] [MainThread]: Using duckdb connection "master"
[0m21:26:10.673839 [debug] [MainThread]: On master: BEGIN
[0m21:26:10.673987 [debug] [MainThread]: Opening a new connection, currently in state init
[0m21:26:10.674280 [debug] [MainThread]: SQL status: OK in 0.000 seconds
[0m21:26:10.674495 [debug] [MainThread]: On master: COMMIT
[0m21:26:10.674670 [debug] [MainThread]: Using duckdb connection "master"
[0m21:26:10.674824 [debug] [MainThread]: On master: COMMIT
[0m21:26:10.675081 [debug] [MainThread]: SQL status: OK in 0.000 seconds
[0m21:26:10.675242 [debug] [MainThread]: On master: Close
[0m21:26:10.676767 [debug] [Thread-1 (]: Began running node seed.data_contracts_demo.raw_orders
[0m21:26:10.677064 [info ] [Thread-1 (]: 1 of 1 START seed file main.raw_orders ......................................... [RUN]
[0m21:26:10.677331 [debug] [Thread-1 (]: Re-using an available connection from the pool (formerly list_dev_main, now seed.data_contracts_demo.raw_orders)
[0m21:26:10.677524 [debug] [Thread-1 (]: Began compiling node seed.data_contracts_demo.raw_orders
[0m21:26:10.677704 [debug] [Thread-1 (]: Began executing node seed.data_contracts_demo.raw_orders
[0m21:26:10.695613 [debug] [Thread-1 (]: Using duckdb connection "seed.data_contracts_demo.raw_orders"
[0m21:26:10.695878 [debug] [Thread-1 (]: On seed.data_contracts_demo.raw_orders: BEGIN
[0m21:26:10.696068 [debug] [Thread-1 (]: Opening a new connection, currently in state closed
[0m21:26:10.696455 [debug] [Thread-1 (]: SQL status: OK in 0.000 seconds
[0m21:26:10.696640 [debug] [Thread-1 (]: Using duckdb connection "seed.data_contracts_demo.raw_orders"
[0m21:26:10.697007 [debug] [Thread-1 (]: On seed.data_contracts_demo.raw_orders: /* {"app": "dbt", "dbt_version": "1.12.5", "profile_name": "data_contracts_demo", "target_name": "dev", "node_id": "seed.data_contracts_demo.raw_orders"} */
truncate table "dev"."main"."raw_orders"
[0m21:26:10.699140 [debug] [Thread-1 (]: SQL status: OK in 0.002 seconds
[0m21:26:10.706669 [debug] [Thread-1 (]: Using duckdb connection "seed.data_contracts_demo.raw_orders"
[0m21:26:10.706911 [debug] [Thread-1 (]: On seed.data_contracts_demo.raw_orders: 
          COPY "dev"."main"."raw_orders" FROM '/Users/isaactonyloi/Downloads/data_contracts_demo/seeds/raw_orders.csv' (FORMAT CSV, HEADER TRUE, DELIMITER ',')
        ...
[0m21:26:10.713509 [debug] [Thread-1 (]: SQL status: OK in 0.006 seconds
[0m21:26:10.717026 [debug] [Thread-1 (]: Writing runtime SQL for node "seed.data_contracts_demo.raw_orders"
[0m21:26:10.724981 [debug] [Thread-1 (]: On seed.data_contracts_demo.raw_orders: COMMIT
[0m21:26:10.725272 [debug] [Thread-1 (]: Using duckdb connection "seed.data_contracts_demo.raw_orders"
[0m21:26:10.725539 [debug] [Thread-1 (]: On seed.data_contracts_demo.raw_orders: COMMIT
[0m21:26:10.726709 [debug] [Thread-1 (]: SQL status: OK in 0.001 seconds
[0m21:26:10.727965 [debug] [Thread-1 (]: On seed.data_contracts_demo.raw_orders: Close
[0m21:26:10.729227 [debug] [Thread-1 (]: Sending event: {'category': 'dbt', 'action': 'run_model', 'label': '39e7e2b2-2531-47e4-a6d5-65a0ec30c0a3', 'context': [<snowplow_tracker.self_describing_json.SelfDescribingJson object at 0x11410c890>]}
[0m21:26:10.729559 [info ] [Thread-1 (]: 1 of 1 OK loaded seed file main.raw_orders ..................................... [[32mINSERT 10[0m in 0.05s]
[0m21:26:10.729904 [debug] [Thread-1 (]: Finished running node seed.data_contracts_demo.raw_orders
[0m21:26:10.730651 [debug] [MainThread]: Using duckdb connection "master"
[0m21:26:10.730826 [debug] [MainThread]: On master: BEGIN
[0m21:26:10.730977 [debug] [MainThread]: Opening a new connection, currently in state closed
[0m21:26:10.731319 [debug] [MainThread]: SQL status: OK in 0.000 seconds
[0m21:26:10.731468 [debug] [MainThread]: On master: COMMIT
[0m21:26:10.731682 [debug] [MainThread]: Using duckdb connection "master"
[0m21:26:10.731867 [debug] [MainThread]: On master: COMMIT
[0m21:26:10.732126 [debug] [MainThread]: SQL status: OK in 0.000 seconds
[0m21:26:10.732288 [debug] [MainThread]: On master: Close
[0m21:26:10.732526 [debug] [MainThread]: Connection 'master' was properly closed.
[0m21:26:10.732671 [debug] [MainThread]: Connection 'seed.data_contracts_demo.raw_orders' was properly closed.
[0m21:26:10.732831 [info ] [MainThread]: 
[0m21:26:10.732995 [info ] [MainThread]: Finished running 1 seed in 0 hours 0 minutes and 0.14 seconds (0.14s).
[0m21:26:10.733361 [debug] [MainThread]: Command end result
[0m21:26:10.757909 [debug] [MainThread]: Wrote artifact WritableManifest to /Users/isaactonyloi/Downloads/data_contracts_demo/target/manifest.json
[0m21:26:10.760072 [debug] [MainThread]: Wrote artifact SemanticManifest to /Users/isaactonyloi/Downloads/data_contracts_demo/target/semantic_manifest.json
[0m21:26:10.761899 [debug] [MainThread]: Wrote artifact OsiDocument to /Users/isaactonyloi/Downloads/data_contracts_demo/target/osi_document.json
[0m21:26:10.766240 [debug] [MainThread]: Wrote artifact RunExecutionResult to /Users/isaactonyloi/Downloads/data_contracts_demo/target/run_results.json
[0m21:26:10.766439 [info ] [MainThread]: 
[0m21:26:10.766667 [info ] [MainThread]: [32mCompleted successfully[0m
[0m21:26:10.766829 [info ] [MainThread]: 
[0m21:26:10.767019 [info ] [MainThread]: Done. PASS=1 WARN=0 ERROR=0 SKIP=0 NO-OP=0 REUSED=0 TOTAL=1
[0m21:26:10.769245 [debug] [MainThread]: Resource report: {"command_name": "seed", "command_success": true, "command_wall_clock_time": 1.6401345, "process_in_blocks": "0", "process_kernel_time": 0.326594, "process_mem_max_rss": "167886848", "process_out_blocks": "0", "process_user_time": 2.347469}
[0m21:26:10.769524 [debug] [MainThread]: Command `dbt seed` succeeded at 21:26:10.769477 after 1.64 seconds
[0m21:26:10.769731 [debug] [MainThread]: Sending event: {'category': 'dbt', 'action': 'invocation', 'label': 'end', 'context': [<snowplow_tracker.self_describing_json.SelfDescribingJson object at 0x1140bb610>, <snowplow_tracker.self_describing_json.SelfDescribingJson object at 0x113663e30>, <snowplow_tracker.self_describing_json.SelfDescribingJson object at 0x113667550>]}
[0m21:26:10.769934 [debug] [MainThread]: Flushing usage events
[0m21:26:12.080690 [debug] [MainThread]: An error was encountered while trying to flush usage events
[0m21:26:13.392928 [debug] [MainThread]: Sending event: {'category': 'dbt', 'action': 'invocation', 'label': 'start', 'context': [<snowplow_tracker.self_describing_json.SelfDescribingJson object at 0x121931be0>, <snowplow_tracker.self_describing_json.SelfDescribingJson object at 0x124a834d0>, <snowplow_tracker.self_describing_json.SelfDescribingJson object at 0x124a83750>]}


============================== 21:26:13.395893 | 4848528e-6b79-4d33-a00f-c6a472699ed8 ==============================
[0m21:26:13.395893 [info ] [MainThread]: Running with dbt=1.12.5
[0m21:26:13.396285 [debug] [MainThread]: running dbt with arguments {'no_print': 'None', 'version_check': 'True', 'log_cache_events': 'False', 'target_path': 'None', 'static_parser': 'True', 'log_format': 'default', 'fail_fast': 'False', 'warn_error': 'None', 'profiles_dir': '/Users/isaactonyloi/Downloads/data_contracts_demo/dbt_profile', 'debug': 'False', 'introspect': 'True', 'printer_width': '80', 'indirect_selection': 'eager', 'empty': 'False', 'use_experimental_parser': 'False', 'write_json': 'True', 'log_path': '/Users/isaactonyloi/Downloads/data_contracts_demo/logs', 'use_colors': 'True', 'invocation_command': 'dbt build', 'partial_parse': 'True', 'maximum_seed_size_mib': '1', 'send_anonymous_usage_stats': 'True', 'cache_selected_only': 'False', 'hints_enabled': 'True', 'warn_error_options': 'WarnErrorOptionsV2(error=[], warn=[], silence=[])', 'quiet': 'False'}
[0m21:26:13.557672 [debug] [MainThread]: Sending event: {'category': 'dbt', 'action': 'project_id', 'label': '4848528e-6b79-4d33-a00f-c6a472699ed8', 'context': [<snowplow_tracker.self_describing_json.SelfDescribingJson object at 0x121f61ba0>]}
[0m21:26:13.597572 [debug] [MainThread]: Sending event: {'category': 'dbt', 'action': 'adapter_info', 'label': '4848528e-6b79-4d33-a00f-c6a472699ed8', 'context': [<snowplow_tracker.self_describing_json.SelfDescribingJson object at 0x127023460>]}
[0m21:26:13.599190 [info ] [MainThread]: Registered adapter: duckdb=1.11.0
[0m21:26:13.679623 [debug] [MainThread]: checksum: 6cf379b16466be403aee7a369cf6ba43e9c23f37e39f824a9c145d893b142eda, vars: {}, profile: data_contracts_demo, target: dev, version: 1.12.5
[0m21:26:13.807916 [debug] [MainThread]: Partial parsing enabled: 0 files deleted, 0 files added, 0 files changed.
[0m21:26:13.808235 [debug] [MainThread]: Nothing changed, skipping partial parsing.
[0m21:26:13.808402 [debug] [MainThread]: Partial parsing enabled, no changes found, skipping parsing
[0m21:26:13.815145 [debug] [MainThread]: Sending event: {'category': 'dbt', 'action': 'load_project', 'label': '4848528e-6b79-4d33-a00f-c6a472699ed8', 'context': [<snowplow_tracker.self_describing_json.SelfDescribingJson object at 0x127516850>]}
[0m21:26:13.891641 [debug] [MainThread]: Wrote artifact WritableManifest to /Users/isaactonyloi/Downloads/data_contracts_demo/target/manifest.json
[0m21:26:13.893807 [debug] [MainThread]: Wrote artifact SemanticManifest to /Users/isaactonyloi/Downloads/data_contracts_demo/target/semantic_manifest.json
[0m21:26:13.903475 [debug] [MainThread]: Wrote artifact OsiDocument to /Users/isaactonyloi/Downloads/data_contracts_demo/target/osi_document.json
[0m21:26:13.918811 [debug] [MainThread]: Sending event: {'category': 'dbt', 'action': 'resource_counts', 'label': '4848528e-6b79-4d33-a00f-c6a472699ed8', 'context': [<snowplow_tracker.self_describing_json.SelfDescribingJson object at 0x12765bf20>]}
[0m21:26:13.919137 [info ] [MainThread]: Found 2 models, 1 seed, 500 macros
[0m21:26:13.920273 [info ] [MainThread]: 
[0m21:26:13.920480 [info ] [MainThread]: Concurrency: 4 threads (target='dev')
[0m21:26:13.920645 [info ] [MainThread]: 
[0m21:26:13.920948 [debug] [MainThread]: Acquiring new duckdb connection 'master'
[0m21:26:13.923924 [debug] [ThreadPool]: Acquiring new duckdb connection 'list_dev'
[0m21:26:13.959323 [debug] [ThreadPool]: Using duckdb connection "list_dev"
[0m21:26:13.959609 [debug] [ThreadPool]: On list_dev: /* {"app": "dbt", "dbt_version": "1.12.5", "profile_name": "data_contracts_demo", "target_name": "dev", "connection_name": "list_dev"} */

    
    select schema_name
    from system.information_schema.schemata
    
    where lower(catalog_name) = '"dev"'
    
  
  
[0m21:26:13.959793 [debug] [ThreadPool]: Opening a new connection, currently in state init
[0m21:26:13.969450 [debug] [ThreadPool]: SQL status: OK in 0.010 seconds
[0m21:26:13.970401 [debug] [ThreadPool]: On list_dev: Close
[0m21:26:13.970951 [debug] [ThreadPool]: Re-using an available connection from the pool (formerly list_dev, now create_dev_main)
[0m21:26:13.971354 [debug] [ThreadPool]: Creating schema "database: "dev"
schema: "main"
"
[0m21:26:13.976249 [debug] [ThreadPool]: Using duckdb connection "create_dev_main"
[0m21:26:13.976499 [debug] [ThreadPool]: On create_dev_main: /* {"app": "dbt", "dbt_version": "1.12.5", "profile_name": "data_contracts_demo", "target_name": "dev", "connection_name": "create_dev_main"} */

    
        select type from duckdb_databases()
        where lower(database_name)='dev'
        and type != 'duckdb'
    
  
[0m21:26:13.976684 [debug] [ThreadPool]: Opening a new connection, currently in state closed
[0m21:26:13.977355 [debug] [ThreadPool]: SQL status: OK in 0.001 seconds
[0m21:26:13.978167 [debug] [ThreadPool]: Using duckdb connection "create_dev_main"
[0m21:26:13.978337 [debug] [ThreadPool]: On create_dev_main: BEGIN
[0m21:26:13.978629 [debug] [ThreadPool]: SQL status: OK in 0.000 seconds
[0m21:26:13.978817 [debug] [ThreadPool]: Using duckdb connection "create_dev_main"
[0m21:26:13.978978 [debug] [ThreadPool]: On create_dev_main: /* {"app": "dbt", "dbt_version": "1.12.5", "profile_name": "data_contracts_demo", "target_name": "dev", "connection_name": "create_dev_main"} */

    
    
        create schema if not exists "dev"."main"
    
[0m21:26:13.979274 [debug] [ThreadPool]: SQL status: OK in 0.000 seconds
[0m21:26:13.979793 [debug] [ThreadPool]: On create_dev_main: COMMIT
[0m21:26:13.979969 [debug] [ThreadPool]: Using duckdb connection "create_dev_main"
[0m21:26:13.980119 [debug] [ThreadPool]: On create_dev_main: COMMIT
[0m21:26:13.980347 [debug] [ThreadPool]: SQL status: OK in 0.000 seconds
[0m21:26:13.980503 [debug] [ThreadPool]: On create_dev_main: Close
[0m21:26:13.981253 [debug] [ThreadPool]: Re-using an available connection from the pool (formerly create_dev_main, now list_dev_main)
[0m21:26:13.984167 [debug] [ThreadPool]: Using duckdb connection "list_dev_main"
[0m21:26:13.984375 [debug] [ThreadPool]: On list_dev_main: BEGIN
[0m21:26:13.984537 [debug] [ThreadPool]: Opening a new connection, currently in state closed
[0m21:26:13.984832 [debug] [ThreadPool]: SQL status: OK in 0.000 seconds
[0m21:26:13.984986 [debug] [ThreadPool]: Using duckdb connection "list_dev_main"
[0m21:26:13.985140 [debug] [ThreadPool]: On list_dev_main: /* {"app": "dbt", "dbt_version": "1.12.5", "profile_name": "data_contracts_demo", "target_name": "dev", "connection_name": "list_dev_main"} */
select
      'dev' as database,
      table_name as name,
      table_schema as schema,
      CASE table_type
        WHEN 'BASE TABLE' THEN 'table'
        WHEN 'VIEW' THEN 'view'
        WHEN 'LOCAL TEMPORARY' THEN 'table'
        END as type
    from system.information_schema.tables
    where lower(table_schema) = 'main'
    and lower(table_catalog) = 'dev'
  
[0m21:26:13.987308 [debug] [ThreadPool]: SQL status: OK in 0.002 seconds
[0m21:26:13.988105 [debug] [ThreadPool]: On list_dev_main: ROLLBACK
[0m21:26:13.988380 [debug] [ThreadPool]: On list_dev_main: Close
[0m21:26:13.988947 [debug] [MainThread]: Sending event: {'category': 'dbt', 'action': 'runnable_timing', 'label': '4848528e-6b79-4d33-a00f-c6a472699ed8', 'context': [<snowplow_tracker.self_describing_json.SelfDescribingJson object at 0x1276f6890>]}
[0m21:26:13.989217 [debug] [MainThread]: Using duckdb connection "master"
[0m21:26:13.989385 [debug] [MainThread]: On master: BEGIN
[0m21:26:13.989535 [debug] [MainThread]: Opening a new connection, currently in state init
[0m21:26:13.989828 [debug] [MainThread]: SQL status: OK in 0.000 seconds
[0m21:26:13.990005 [debug] [MainThread]: On master: COMMIT
[0m21:26:13.990156 [debug] [MainThread]: Using duckdb connection "master"
[0m21:26:13.990298 [debug] [MainThread]: On master: COMMIT
[0m21:26:13.990523 [debug] [MainThread]: SQL status: OK in 0.000 seconds
[0m21:26:13.990668 [debug] [MainThread]: On master: Close
[0m21:26:13.991906 [debug] [Thread-1 (]: Began running node seed.data_contracts_demo.raw_orders
[0m21:26:13.992189 [info ] [Thread-1 (]: 1 of 3 START seed file main.raw_orders ......................................... [RUN]
[0m21:26:13.992448 [debug] [Thread-1 (]: Re-using an available connection from the pool (formerly list_dev_main, now seed.data_contracts_demo.raw_orders)
[0m21:26:13.992642 [debug] [Thread-1 (]: Began compiling node seed.data_contracts_demo.raw_orders
[0m21:26:13.992825 [debug] [Thread-1 (]: Began executing node seed.data_contracts_demo.raw_orders
[0m21:26:14.010388 [debug] [Thread-1 (]: Using duckdb connection "seed.data_contracts_demo.raw_orders"
[0m21:26:14.010666 [debug] [Thread-1 (]: On seed.data_contracts_demo.raw_orders: BEGIN
[0m21:26:14.010858 [debug] [Thread-1 (]: Opening a new connection, currently in state closed
[0m21:26:14.011258 [debug] [Thread-1 (]: SQL status: OK in 0.000 seconds
[0m21:26:14.011453 [debug] [Thread-1 (]: Using duckdb connection "seed.data_contracts_demo.raw_orders"
[0m21:26:14.011633 [debug] [Thread-1 (]: On seed.data_contracts_demo.raw_orders: /* {"app": "dbt", "dbt_version": "1.12.5", "profile_name": "data_contracts_demo", "target_name": "dev", "node_id": "seed.data_contracts_demo.raw_orders"} */
truncate table "dev"."main"."raw_orders"
[0m21:26:14.012296 [debug] [Thread-1 (]: SQL status: OK in 0.000 seconds
[0m21:26:14.019945 [debug] [Thread-1 (]: Using duckdb connection "seed.data_contracts_demo.raw_orders"
[0m21:26:14.020200 [debug] [Thread-1 (]: On seed.data_contracts_demo.raw_orders: 
          COPY "dev"."main"."raw_orders" FROM '/Users/isaactonyloi/Downloads/data_contracts_demo/seeds/raw_orders.csv' (FORMAT CSV, HEADER TRUE, DELIMITER ',')
        ...
[0m21:26:14.023097 [debug] [Thread-1 (]: SQL status: OK in 0.003 seconds
[0m21:26:14.026674 [debug] [Thread-1 (]: Writing runtime SQL for node "seed.data_contracts_demo.raw_orders"
[0m21:26:14.034716 [debug] [Thread-1 (]: On seed.data_contracts_demo.raw_orders: COMMIT
[0m21:26:14.034985 [debug] [Thread-1 (]: Using duckdb connection "seed.data_contracts_demo.raw_orders"
[0m21:26:14.035185 [debug] [Thread-1 (]: On seed.data_contracts_demo.raw_orders: COMMIT
[0m21:26:14.036024 [debug] [Thread-1 (]: SQL status: OK in 0.001 seconds
[0m21:26:14.037191 [debug] [Thread-1 (]: On seed.data_contracts_demo.raw_orders: Close
[0m21:26:14.038243 [debug] [Thread-1 (]: Sending event: {'category': 'dbt', 'action': 'run_model', 'label': '4848528e-6b79-4d33-a00f-c6a472699ed8', 'context': [<snowplow_tracker.self_describing_json.SelfDescribingJson object at 0x127ae98b0>]}
[0m21:26:14.038577 [info ] [Thread-1 (]: 1 of 3 OK loaded seed file main.raw_orders ..................................... [[32mINSERT 10[0m in 0.05s]
[0m21:26:14.038927 [debug] [Thread-1 (]: Finished running node seed.data_contracts_demo.raw_orders
[0m21:26:14.039336 [debug] [Thread-2 (]: Began running node model.data_contracts_demo.stg_orders
[0m21:26:14.039624 [info ] [Thread-2 (]: 2 of 3 START sql table model main.stg_orders ................................... [RUN]
[0m21:26:14.039987 [debug] [Thread-2 (]: Acquiring new duckdb connection 'model.data_contracts_demo.stg_orders'
[0m21:26:14.040182 [debug] [Thread-2 (]: Began compiling node model.data_contracts_demo.stg_orders
[0m21:26:14.044169 [debug] [Thread-2 (]: Writing injected SQL for node "model.data_contracts_demo.stg_orders"
[0m21:26:14.044901 [debug] [Thread-2 (]: Began executing node model.data_contracts_demo.stg_orders
[0m21:26:14.086630 [debug] [Thread-2 (]: Using duckdb connection "model.data_contracts_demo.stg_orders"
[0m21:26:14.087045 [debug] [Thread-2 (]: On model.data_contracts_demo.stg_orders: /* {"app": "dbt", "dbt_version": "1.12.5", "profile_name": "data_contracts_demo", "target_name": "dev", "node_id": "model.data_contracts_demo.stg_orders"} */
DESCRIBE (select * from (
        -- Owned by the Orders team.
-- This is the producer-side model. Its column names and types are locked
-- in by the contract declared in producer.yml. Any change here that
-- doesn't match that contract fails the dbt build, in CI, before merge.

select
    order_id,
    customer_id,
    order_status,
    amount,
    order_date
from "dev"."main"."raw_orders"
    ) as __dbt_sbq
    where false
    limit 0
)
[0m21:26:14.087342 [debug] [Thread-2 (]: Opening a new connection, currently in state init
[0m21:26:14.088467 [debug] [Thread-2 (]: SQL status: OK in 0.001 seconds
[0m21:26:14.096812 [debug] [Thread-2 (]: Using duckdb connection "model.data_contracts_demo.stg_orders"
[0m21:26:14.097146 [debug] [Thread-2 (]: On model.data_contracts_demo.stg_orders: /* {"app": "dbt", "dbt_version": "1.12.5", "profile_name": "data_contracts_demo", "target_name": "dev", "node_id": "model.data_contracts_demo.stg_orders"} */
DESCRIBE (select * from (
        select
    
      
    cast(null as integer)
 as order_id, 
      
    cast(null as integer)
 as customer_id, 
      
    cast(null as varchar)
 as order_status, 
      
    cast(null as double)
 as amount, 
      
    cast(null as date)
 as order_date
    ) as __dbt_sbq
    where false
    limit 0
)
[0m21:26:14.097827 [debug] [Thread-2 (]: SQL status: OK in 0.000 seconds
[0m21:26:14.114957 [debug] [Thread-2 (]: Writing runtime sql for node "model.data_contracts_demo.stg_orders"
[0m21:26:14.115739 [debug] [Thread-2 (]: Using duckdb connection "model.data_contracts_demo.stg_orders"
[0m21:26:14.115968 [debug] [Thread-2 (]: On model.data_contracts_demo.stg_orders: BEGIN
[0m21:26:14.116379 [debug] [Thread-2 (]: SQL status: OK in 0.000 seconds
[0m21:26:14.116590 [debug] [Thread-2 (]: Using duckdb connection "model.data_contracts_demo.stg_orders"
[0m21:26:14.116805 [debug] [Thread-2 (]: On model.data_contracts_demo.stg_orders: /* {"app": "dbt", "dbt_version": "1.12.5", "profile_name": "data_contracts_demo", "target_name": "dev", "node_id": "model.data_contracts_demo.stg_orders"} */

    
      
    

    create  table
      "dev"."main"."stg_orders__dbt_tmp"
  
  (
    order_id integer not null,
    customer_id integer not null,
    order_status varchar,
    amount double,
    order_date date
    
    )
 ;
    
    
    insert into "dev"."main"."stg_orders__dbt_tmp" 
  (
    
      
      order_id ,
    
      
      customer_id ,
    
      
      order_status ,
    
      
      amount ,
    
      
      order_date 
    
  )
 (
      
    select order_id, customer_id, order_status, amount, order_date
    from (
        -- Owned by the Orders team.
-- This is the producer-side model. Its column names and types are locked
-- in by the contract declared in producer.yml. Any change here that
-- doesn't match that contract fails the dbt build, in CI, before merge.

select
    order_id,
    customer_id,
    order_status,
    amount,
    order_date
from "dev"."main"."raw_orders"
    ) as model_subq
    );
  
[0m21:26:14.118053 [debug] [Thread-2 (]: SQL status: OK in 0.001 seconds
[0m21:26:14.121067 [debug] [Thread-2 (]: Using duckdb connection "model.data_contracts_demo.stg_orders"
[0m21:26:14.121301 [debug] [Thread-2 (]: On model.data_contracts_demo.stg_orders: /* {"app": "dbt", "dbt_version": "1.12.5", "profile_name": "data_contracts_demo", "target_name": "dev", "node_id": "model.data_contracts_demo.stg_orders"} */

    SELECT index_name
    FROM duckdb_indexes()
    WHERE database_name = 'dev'
      AND schema_name = 'main'
      AND table_name = 'stg_orders'
  
[0m21:26:14.121835 [debug] [Thread-2 (]: SQL status: OK in 0.000 seconds
[0m21:26:14.125315 [debug] [Thread-2 (]: Using duckdb connection "model.data_contracts_demo.stg_orders"
[0m21:26:14.125577 [debug] [Thread-2 (]: On model.data_contracts_demo.stg_orders: /* {"app": "dbt", "dbt_version": "1.12.5", "profile_name": "data_contracts_demo", "target_name": "dev", "node_id": "model.data_contracts_demo.stg_orders"} */
alter table "dev"."main"."stg_orders" rename to "stg_orders__dbt_backup"
[0m21:26:14.126352 [debug] [Thread-2 (]: SQL status: OK in 0.001 seconds
[0m21:26:14.127729 [debug] [Thread-2 (]: Using duckdb connection "model.data_contracts_demo.stg_orders"
[0m21:26:14.127942 [debug] [Thread-2 (]: On model.data_contracts_demo.stg_orders: /* {"app": "dbt", "dbt_version": "1.12.5", "profile_name": "data_contracts_demo", "target_name": "dev", "node_id": "model.data_contracts_demo.stg_orders"} */
alter table "dev"."main"."stg_orders__dbt_tmp" rename to "stg_orders"
[0m21:26:14.128323 [debug] [Thread-2 (]: SQL status: OK in 0.000 seconds
[0m21:26:14.133088 [debug] [Thread-2 (]: On model.data_contracts_demo.stg_orders: COMMIT
[0m21:26:14.133335 [debug] [Thread-2 (]: Using duckdb connection "model.data_contracts_demo.stg_orders"
[0m21:26:14.133533 [debug] [Thread-2 (]: On model.data_contracts_demo.stg_orders: COMMIT
[0m21:26:14.134073 [debug] [Thread-2 (]: SQL status: OK in 0.000 seconds
[0m21:26:14.137014 [debug] [Thread-2 (]: Using duckdb connection "model.data_contracts_demo.stg_orders"
[0m21:26:14.137269 [debug] [Thread-2 (]: On model.data_contracts_demo.stg_orders: /* {"app": "dbt", "dbt_version": "1.12.5", "profile_name": "data_contracts_demo", "target_name": "dev", "node_id": "model.data_contracts_demo.stg_orders"} */

      drop table if exists "dev"."main"."stg_orders__dbt_backup" cascade
    
[0m21:26:14.137787 [debug] [Thread-2 (]: SQL status: OK in 0.000 seconds
[0m21:26:14.138606 [debug] [Thread-2 (]: On model.data_contracts_demo.stg_orders: Close
[0m21:26:14.138972 [debug] [Thread-2 (]: Sending event: {'category': 'dbt', 'action': 'run_model', 'label': '4848528e-6b79-4d33-a00f-c6a472699ed8', 'context': [<snowplow_tracker.self_describing_json.SelfDescribingJson object at 0x1276afb90>]}
[0m21:26:14.139357 [info ] [Thread-2 (]: 2 of 3 OK created sql table model main.stg_orders .............................. [[32mOK[0m in 0.10s]
[0m21:26:14.139689 [debug] [Thread-2 (]: Finished running node model.data_contracts_demo.stg_orders
[0m21:26:14.140096 [debug] [Thread-3 (]: Began running node model.data_contracts_demo.downstream_order_metrics
[0m21:26:14.140376 [info ] [Thread-3 (]: 3 of 3 START sql table model main.downstream_order_metrics ..................... [RUN]
[0m21:26:14.140737 [debug] [Thread-3 (]: Acquiring new duckdb connection 'model.data_contracts_demo.downstream_order_metrics'
[0m21:26:14.140958 [debug] [Thread-3 (]: Began compiling node model.data_contracts_demo.downstream_order_metrics
[0m21:26:14.142077 [debug] [Thread-3 (]: Writing injected SQL for node "model.data_contracts_demo.downstream_order_metrics"
[0m21:26:14.142609 [debug] [Thread-3 (]: Began executing node model.data_contracts_demo.downstream_order_metrics
[0m21:26:14.144286 [debug] [Thread-3 (]: Writing runtime sql for node "model.data_contracts_demo.downstream_order_metrics"
[0m21:26:14.144731 [debug] [Thread-3 (]: Using duckdb connection "model.data_contracts_demo.downstream_order_metrics"
[0m21:26:14.144929 [debug] [Thread-3 (]: On model.data_contracts_demo.downstream_order_metrics: BEGIN
[0m21:26:14.145116 [debug] [Thread-3 (]: Opening a new connection, currently in state init
[0m21:26:14.145497 [debug] [Thread-3 (]: SQL status: OK in 0.000 seconds
[0m21:26:14.145686 [debug] [Thread-3 (]: Using duckdb connection "model.data_contracts_demo.downstream_order_metrics"
[0m21:26:14.145888 [debug] [Thread-3 (]: On model.data_contracts_demo.downstream_order_metrics: /* {"app": "dbt", "dbt_version": "1.12.5", "profile_name": "data_contracts_demo", "target_name": "dev", "node_id": "model.data_contracts_demo.downstream_order_metrics"} */

    

    create  table
      "dev"."main"."downstream_order_metrics__dbt_tmp"
  
    
    as (
      -- Owned by the Analytics team, a completely different team from the
-- one that owns stg_orders. This model has no visibility into the
-- Orders team's source system, only into the contracted shape of
-- stg_orders. If that shape changes without the contract catching it,
-- this model breaks (or worse, silently returns wrong numbers) with
-- no warning to the Analytics team.

select
    order_status,
    count(*) as order_count,
    sum(amount) as total_amount
from "dev"."main"."stg_orders"
group by order_status
    );
    
  
[0m21:26:14.148957 [debug] [Thread-3 (]: SQL status: OK in 0.003 seconds
[0m21:26:14.149791 [debug] [Thread-3 (]: Using duckdb connection "model.data_contracts_demo.downstream_order_metrics"
[0m21:26:14.150103 [debug] [Thread-3 (]: On model.data_contracts_demo.downstream_order_metrics: /* {"app": "dbt", "dbt_version": "1.12.5", "profile_name": "data_contracts_demo", "target_name": "dev", "node_id": "model.data_contracts_demo.downstream_order_metrics"} */

    SELECT index_name
    FROM duckdb_indexes()
    WHERE database_name = 'dev'
      AND schema_name = 'main'
      AND table_name = 'downstream_order_metrics'
  
[0m21:26:14.150662 [debug] [Thread-3 (]: SQL status: OK in 0.000 seconds
[0m21:26:14.152144 [debug] [Thread-3 (]: Using duckdb connection "model.data_contracts_demo.downstream_order_metrics"
[0m21:26:14.152356 [debug] [Thread-3 (]: On model.data_contracts_demo.downstream_order_metrics: /* {"app": "dbt", "dbt_version": "1.12.5", "profile_name": "data_contracts_demo", "target_name": "dev", "node_id": "model.data_contracts_demo.downstream_order_metrics"} */
alter table "dev"."main"."downstream_order_metrics" rename to "downstream_order_metrics__dbt_backup"
[0m21:26:14.152712 [debug] [Thread-3 (]: SQL status: OK in 0.000 seconds
[0m21:26:14.154208 [debug] [Thread-3 (]: Using duckdb connection "model.data_contracts_demo.downstream_order_metrics"
[0m21:26:14.154409 [debug] [Thread-3 (]: On model.data_contracts_demo.downstream_order_metrics: /* {"app": "dbt", "dbt_version": "1.12.5", "profile_name": "data_contracts_demo", "target_name": "dev", "node_id": "model.data_contracts_demo.downstream_order_metrics"} */
alter table "dev"."main"."downstream_order_metrics__dbt_tmp" rename to "downstream_order_metrics"
[0m21:26:14.154743 [debug] [Thread-3 (]: SQL status: OK in 0.000 seconds
[0m21:26:14.155803 [debug] [Thread-3 (]: On model.data_contracts_demo.downstream_order_metrics: COMMIT
[0m21:26:14.156001 [debug] [Thread-3 (]: Using duckdb connection "model.data_contracts_demo.downstream_order_metrics"
[0m21:26:14.156178 [debug] [Thread-3 (]: On model.data_contracts_demo.downstream_order_metrics: COMMIT
[0m21:26:14.156801 [debug] [Thread-3 (]: SQL status: OK in 0.000 seconds
[0m21:26:14.157958 [debug] [Thread-3 (]: Using duckdb connection "model.data_contracts_demo.downstream_order_metrics"
[0m21:26:14.158198 [debug] [Thread-3 (]: On model.data_contracts_demo.downstream_order_metrics: /* {"app": "dbt", "dbt_version": "1.12.5", "profile_name": "data_contracts_demo", "target_name": "dev", "node_id": "model.data_contracts_demo.downstream_order_metrics"} */

      drop table if exists "dev"."main"."downstream_order_metrics__dbt_backup" cascade
    
[0m21:26:14.158815 [debug] [Thread-3 (]: SQL status: OK in 0.000 seconds
[0m21:26:14.159666 [debug] [Thread-3 (]: On model.data_contracts_demo.downstream_order_metrics: Close
[0m21:26:14.160036 [debug] [Thread-3 (]: Sending event: {'category': 'dbt', 'action': 'run_model', 'label': '4848528e-6b79-4d33-a00f-c6a472699ed8', 'context': [<snowplow_tracker.self_describing_json.SelfDescribingJson object at 0x1276db490>]}
[0m21:26:14.160417 [info ] [Thread-3 (]: 3 of 3 OK created sql table model main.downstream_order_metrics ................ [[32mOK[0m in 0.02s]
[0m21:26:14.160740 [debug] [Thread-3 (]: Finished running node model.data_contracts_demo.downstream_order_metrics
[0m21:26:14.161467 [debug] [MainThread]: Using duckdb connection "master"
[0m21:26:14.161673 [debug] [MainThread]: On master: BEGIN
[0m21:26:14.161840 [debug] [MainThread]: Opening a new connection, currently in state closed
[0m21:26:14.162164 [debug] [MainThread]: SQL status: OK in 0.000 seconds
[0m21:26:14.162318 [debug] [MainThread]: On master: COMMIT
[0m21:26:14.162470 [debug] [MainThread]: Using duckdb connection "master"
[0m21:26:14.162615 [debug] [MainThread]: On master: COMMIT
[0m21:26:14.162842 [debug] [MainThread]: SQL status: OK in 0.000 seconds
[0m21:26:14.162992 [debug] [MainThread]: On master: Close
[0m21:26:14.163202 [debug] [MainThread]: Connection 'master' was properly closed.
[0m21:26:14.163348 [debug] [MainThread]: Connection 'seed.data_contracts_demo.raw_orders' was properly closed.
[0m21:26:14.163480 [debug] [MainThread]: Connection 'model.data_contracts_demo.stg_orders' was properly closed.
[0m21:26:14.163608 [debug] [MainThread]: Connection 'model.data_contracts_demo.downstream_order_metrics' was properly closed.
[0m21:26:14.163802 [info ] [MainThread]: 
[0m21:26:14.163974 [info ] [MainThread]: Finished running 1 seed, 2 table models in 0 hours 0 minutes and 0.24 seconds (0.24s).
[0m21:26:14.164492 [debug] [MainThread]: Command end result
[0m21:26:14.188651 [debug] [MainThread]: Wrote artifact WritableManifest to /Users/isaactonyloi/Downloads/data_contracts_demo/target/manifest.json
[0m21:26:14.190988 [debug] [MainThread]: Wrote artifact SemanticManifest to /Users/isaactonyloi/Downloads/data_contracts_demo/target/semantic_manifest.json
[0m21:26:14.192964 [debug] [MainThread]: Wrote artifact OsiDocument to /Users/isaactonyloi/Downloads/data_contracts_demo/target/osi_document.json
[0m21:26:14.197406 [debug] [MainThread]: Wrote artifact RunExecutionResult to /Users/isaactonyloi/Downloads/data_contracts_demo/target/run_results.json
[0m21:26:14.197616 [info ] [MainThread]: 
[0m21:26:14.197826 [info ] [MainThread]: [32mCompleted successfully[0m
[0m21:26:14.198095 [info ] [MainThread]: 
[0m21:26:14.198367 [info ] [MainThread]: Done. PASS=3 WARN=0 ERROR=0 SKIP=0 NO-OP=0 REUSED=0 TOTAL=3
[0m21:26:14.200028 [debug] [MainThread]: Resource report: {"command_name": "build", "command_success": true, "command_wall_clock_time": 0.8634334, "process_in_blocks": "0", "process_kernel_time": 0.230448, "process_mem_max_rss": "167952384", "process_out_blocks": "0", "process_user_time": 1.606865}
[0m21:26:14.200385 [debug] [MainThread]: Command `dbt build` succeeded at 21:26:14.200328 after 0.86 seconds
[0m21:26:14.200622 [debug] [MainThread]: Sending event: {'category': 'dbt', 'action': 'invocation', 'label': 'end', 'context': [<snowplow_tracker.self_describing_json.SelfDescribingJson object at 0x127e78910>, <snowplow_tracker.self_describing_json.SelfDescribingJson object at 0x127a4bd10>, <snowplow_tracker.self_describing_json.SelfDescribingJson object at 0x124bed250>]}
[0m21:26:14.200849 [debug] [MainThread]: Flushing usage events
[0m21:26:15.468532 [debug] [MainThread]: An error was encountered while trying to flush usage events
